// Vitest Snapshot v1, https://vitest.dev/guide/snapshot.html

exports[`Header snapshots > match snapshot render 1`] = `
<div>
  <header
    class="bg-white shadow-sm border-b border-green-600"
  >
    <div
      class="container mx-auto flex justify-between items-center max-w-4xl px-4 "
    >
      <div
        class="text-2xl font-bold text-black flex items-center"
      >
        <a
          href="/"
        >
          <img
            alt="Flik Blog"
            class="w-25 h-25 object-contain"
            height="100"
            src="/logo.png"
            width="100"
          />
        </a>
      </div>
      <button
        aria-label="Abrir menú"
        class="md:hidden text-2xl text-black cursor-pointer"
        role="button"
      >
        <svg
          class="w-7 h-7"
          fill="currentColor"
          height="1em"
          stroke="currentColor"
          stroke-width="0"
          viewBox="0 0 448 512"
          width="1em"
          xmlns="http://www.w3.org/2000/svg"
        >
          <path
            d="M448 64c0-17.7-14.3-32-32-32L32 32C14.3 32 0 46.3 0 64S14.3 96 32 96l384 0c17.7 0 32-14.3 32-32zm0 256c0-17.7-14.3-32-32-32L32 288c-17.7 0-32 14.3-32 32s14.3 32 32 32l384 0c17.7 0 32-14.3 32-32zM0 192c0 17.7 14.3 32 32 32l384 0c17.7 0 32-14.3 32-32s-14.3-32-32-32L32 160c-17.7 0-32 14.3-32 32zM448 448c0-17.7-14.3-32-32-32L32 416c-17.7 0-32 14.3-32 32s14.3 32 32 32l384 0c17.7 0 32-14.3 32-32z"
          />
        </svg>
      </button>
      <nav
        class="hidden md:flex md:items-center md:space-x-6"
      >
        <ul
          class="flex"
        >
          <li>
            <a
              class="text-sm border-t border-b border-r border-black inline-block text-black hover:text-green-600 px-[20px] py-[10px]"
              href="/"
            >
              Posts
            </a>
          </li>
          <li>
            <a
              class="text-sm border-t border-b border-r border-black inline-block text-black hover:text-green-600 px-[30px] py-[10px]"
              href="/about"
            >
              Sobre Flik
            </a>
          </li>
          <li>
            <a
              class="text-sm border-t border-b border-r border-black inline-block text-black hover:text-green-600 px-[30px] py-[10px]"
              href="/mapa?modo=categorias"
            >
              Categorías
            </a>
          </li>
          <li>
            <a
              class="text-sm border-t border-b border-r border-black inline-block text-black hover:text-green-600 px-[30px] py-[10px]"
              href="/contact"
            >
              Contacto
            </a>
          </li>
          <li
            class="text-sm"
          >
            <button
              aria-controls="site-search"
              aria-expanded="false"
              aria-label="Buscar"
              class="cursor-pointer border-t border-b border-black inline-block text-black hover:text-green-600 px-[30px] py-[10px] focus:outline-none"
              data-testid="buscar-menu-desktop"
              role="button"
              type="button"
            >
              Buscar
               
            </button>
          </li>
        </ul>
      </nav>
    </div>
    <div
      data-testid="mock-search"
    />
  </header>
</div>
`;
