// Vitest Snapshot v1, https://vitest.dev/guide/snapshot.html

exports[`Header snapshots > match snapshot render 1`] = `
<div>
  <header
    class="bg-white shadow-sm border-b border-green-600"
  >
    <div
      class="container mx-auto flex justify-between items-center max-w-4xl px-4 py-2"
    >
      <div
        class="text-2xl font-bold text-black flex items-center"
      >
        <a
          href="/"
        >
          <img
            alt="Flik Blog"
            class="w-16 h-16 object-contain"
            height="80"
            src="/logo.png"
            width="80"
          />
        </a>
      </div>
      <button
        aria-label="Abrir menú"
        class="sm:hidden text-2xl text-black cursor-pointer"
      >
        ☰
      </button>
      <nav
        class="hidden sm:flex sm:items-center sm:space-x-6"
      >
        <ul
          class="flex gap-4"
        >
          <li>
            <a
              class="text-black hover:text-green-600 transition-colors"
              href="/"
            >
              📝 Posts
            </a>
          </li>
          <li>
            <a
              class="text-black hover:text-green-600 transition-colors"
              href="/about"
            >
              🚀 Sobre Flik
            </a>
          </li>
          <li>
            <a
              class="text-black hover:text-green-600 transition-colors"
              href="/mapa?modo=categorias"
            >
              🔖 Categorías
            </a>
          </li>
          <li>
            <a
              class="text-black hover:text-green-600 transition-colors"
              href="/contact"
            >
              📞 Contacto
            </a>
          </li>
        </ul>
        <div
          data-testid="mock-search"
        />
      </nav>
    </div>
  </header>
</div>
`;
